// Jest Snapshot v1, https://goo.gl/fbAQLP

exports[`Header renders the component without errors 1`] = `
<img
  class="UserHeroImg"
  src="./HeroImg.svg"
/>
`;
